// Jest Snapshot v1, https://goo.gl/fbAQLP

exports[`CreateBabyPage component renders page without crashing 1`] = `
<EditProfile
  history={
    Object {
      "push": [Function],
    }
  }
  location={Object {}}
>
  <section
    id="create-section"
  >
    <h2
      id="create-header"
    >
      Create Baby Profile
    </h2>
    <EditProfile
      onSubmitForm={[Function]}
    >
      <form
        id="create-form"
        onSubmit={[Function]}
      >
        <div
          role="alert"
        />
        <div
          className="form-items"
        >
          <label
            className="create-form-label"
          >
            Name
          </label>
        </div>
        <div
          className="form-items"
        >
          <input
            aria-label="name"
            className="create-input"
            id="name"
            name="name"
            required={true}
            type="text"
          />
        </div>
        <div
          className="form-items"
        >
          <label
            className="create-form-label"
          >
            Age
          </label>
        </div>
        <div
          className="form-items"
        >
          <input
            aria-label="age"
            className="create-input"
            id="age"
            min="1"
            name="age"
            required={true}
            type="number"
          />
        </div>
        <div
          className="form-items"
        >
          <select
            aria-label="format"
            className="month-year selector"
            id="format"
            name="format"
          >
            <option>
              month
            </option>
            <option>
              months
            </option>
            <option>
              year
            </option>
            <option>
              years
            </option>
          </select>
        </div>
        <div
          className="form-items"
        >
          <label
            className="create-form-label"
          >
            Country
          </label>
        </div>
        <div
          className="form-items"
        >
          <input
            aria-label="country"
            className="edit-input"
            id="country"
            name="country"
          />
        </div>
        <div
          className="form-items"
        >
          <label
            className="create-form-label"
          >
            About
          </label>
        </div>
        <div
          className="form-items"
        >
          <textarea
            aria-label="about"
            className="width-100 create-about"
            id="about"
            name="about"
            rows="10"
          />
        </div>
        <div
          className="submit-item"
        >
          <button
            id="create-button"
            type="submit"
          >
            Submit
          </button>
        </div>
      </form>
    </EditProfile>
  </section>
</EditProfile>
`;
