// Jest Snapshot v1, https://goo.gl/fbAQLP

exports[`SignUpPage component renders sign up page without crashing 1`] = `
<section
  id="register-section"
>
  <h2
    id="register-header"
  >
    Register
  </h2>
  <SignUp
    onRegistrationSuccess={[Function]}
    onSignUpSuccess={[Function]}
  />
</section>
`;
