// Jest Snapshot v1, https://goo.gl/fbAQLP

exports[`UserProfile component renders a profile given props 1`] = `
<Fragment>
  <section
    className="profile-container"
  >
    <img
      alt="profile"
      className="baby-pic"
      src="https://ratemybaby-images.s3-us-west-1.amazonaws.com/John.jpg"
    />
    <Link
      id="change-photo"
      to="/uploadimage/undefined"
    >
      Change Photo
    </Link>
    <div
      className="name-age"
    >
      <h3
        id="user-baby-name"
      >
        Test
      </h3>
      <span
        className="age"
      >
        <img
          alt="birthday-cake"
          id="cake"
          src="https://ratemybaby-images.s3-us-west-1.amazonaws.com/logos-icons/bdaycake.png"
        />
        7
         
        months
      </span>
      <span
        className="country"
      >
        <img
          alt="house"
          id="house"
          src="https://ratemybaby-images.s3-us-west-1.amazonaws.com/logos-icons/house.png"
        />
        United States
      </span>
    </div>
    <div
      className="about"
    >
      Testing data
    </div>
    <div
      className="edit-info-box"
    >
      <div
        className="user-rating"
      >
        71%
      </div>
      <button
        className="edit-info"
      >
        <Link
          to="/editprofile/undefined"
        >
          Edit Info
        </Link>
      </button>
    </div>
    <Link
      to="/delete/undefined"
    >
      Delete
    </Link>
  </section>
</Fragment>
`;

exports[`UserProfile component renders loading by default 1`] = `
<div
  className="loading"
>
  Loading...
</div>
`;
